<html>
<body>
<pre>
<h1>µVision Build Log</h1>
<h2>Tool Versions:</h2>
IDE-Version: µVision V5.20.0.0
Copyright (C) 2016 ARM Ltd and ARM Germany GmbH. All rights reserved.
License Information: vinh phan, Anan, LIC=GMZ56-DZA54-M97GG-VENGP-ML32X-VXCUX
 
Tool Versions:
Toolchain:       MDK-ARM Plus  Version: 5.20
Toolchain Path:  C:\Keil_v5\ARM\ARMCC\Bin
C Compiler:      Armcc.exe V5.06 update 2 (build 183)
Assembler:       Armasm.exe V5.06 update 2 (build 183)
Linker/Locator:  ArmLink.exe V5.06 update 2 (build 183)
Library Manager: ArmAr.exe V5.06 update 2 (build 183)
Hex Converter:   FromElf.exe V5.06 update 2 (build 183)
CPU DLL:         SARMCM3.DLL V5.20
Dialog DLL:      DCM.DLL V1.13.7.0
Target DLL:      STLink\ST-LINKIII-KEIL_SWO.dll V2.0.18.0
Dialog DLL:      TCM.DLL V1.14.9.0
 
<h2>Project:</h2>
C:\Users\phanvinh\Dropbox\stm32\toggle3.4\MDK_ARM\project.uvprojx
Project File Date:  09/15/2016

<h2>Output:</h2>
*** Using Compiler 'V5.06 update 2 (build 183)', folder: 'C:\Keil_v5\ARM\ARMCC\Bin'
Build target 'stm32f100'
Clean started - Project: 'project'
   deleting intermediate output files for target 'stm32f100'
compiling main.c...
compiling stm32f10x_it.c...
compiling user_gpio.c...
compiling user_delay.c...
compiling user_usart.c...
compiling user_nvic.c...
compiling user_exti.c...
compiling user_timer.c...
compiling lcd_led.c...
assembling startup_stm32f10x_md_vl.s...
compiling core_cm3.c...
compiling system_stm32f10x.c...
compiling misc.c...
compiling stm32f10x_gpio.c...
compiling stm32f10x_rcc.c...
compiling stm32f10x_usart.c...
compiling stm32f10x_exti.c...
compiling stm32f10x_tim.c...
compiling stm32f10x_flash.c...
linking...
Program Size: Code=7376 RO-data=320 RW-data=116 ZI-data=1260  
".\Objects\project.axf" - 0 Error(s), 0 Warning(s).

*** Performing Cross-Module-Optimization:
compiling main.c...
compiling user_delay.c...
compiling user_usart.c...
compiling user_exti.c...
compiling user_timer.c...
compiling lcd_led.c...
compiling core_cm3.c...
compiling misc.c...
compiling stm32f10x_gpio.c...
compiling stm32f10x_rcc.c...
compiling stm32f10x_usart.c...
compiling stm32f10x_exti.c...
compiling stm32f10x_tim.c...
compiling stm32f10x_flash.c...
linking...
Program Size: Code=7376 RO-data=320 RW-data=116 ZI-data=1260  
".\Objects\project.axf" - 0 Error(s), 0 Warning(s).
*** Completed Cross-Module-Optimization after 2 iteration(s).

<h2>Software Packages used:</h2>

Package Vendor: ARM
                http://www.keil.com/pack/ARM.CMSIS.4.5.0.pack
                ARM::CMSIS:CORE:4.3.0
                CMSIS (Cortex Microcontroller Software Interface Standard)
   * Component: CORE Version: 4.3.0

<h2>Collection of Component include folders:</h2>
  C:\Users\phanvinh\Dropbox\stm32\toggle3.4\MDK_ARM\RTE
  C:\Keil_v5\ARM\PACK\ARM\CMSIS\4.5.0\CMSIS\Include
  C:\Keil_v5\ARM\PACK\Keil\STM32F1xx_DFP\2.1.0\Device\Include

<h2>Collection of Component Files used:</h2>

   * Component: ARM::CMSIS:CORE:4.3.0
Build Time Elapsed:  00:00:34
</pre>
</body>
</html>
